// Vitest Snapshot v1, https://vitest.dev/guide/snapshot.html

exports[`DoraPanel > matches snapshot in dark mode 1`] = `
<div>
  <div
    class="MuiBox-root css-1i7f7ck"
    data-testid="dora-panel"
  >
    <div
      class="MuiBox-root css-u2f8l6"
      data-testid="metric-card"
      data-tone="success"
    >
      <span
        class="MuiBox-root css-50auzi"
      >
        LEAD TIME
      </span>
      <span
        class="MuiBox-root css-xngvfy"
      >
        <span
          class="MuiBox-root css-ulojab"
        >
          4.5
        </span>
        <span
          class="MuiBox-root css-1ger27q"
        >
          h
        </span>
      </span>
    </div>
    <div
      class="MuiBox-root css-19e3yrb"
      data-testid="metric-card"
      data-tone="primary"
    >
      <span
        class="MuiBox-root css-50auzi"
      >
        DEPLOYS / DAY
      </span>
      <span
        class="MuiBox-root css-xngvfy"
      >
        <span
          class="MuiBox-root css-ulojab"
        >
          0.7
        </span>
        <span
          class="MuiBox-root css-1ger27q"
        >
          /d
        </span>
      </span>
    </div>
    <div
      class="MuiBox-root css-l473ko"
      data-testid="metric-card"
      data-tone="warn"
    >
      <span
        class="MuiBox-root css-50auzi"
      >
        CHANGE FAILURE
      </span>
      <span
        class="MuiBox-root css-xngvfy"
      >
        <span
          class="MuiBox-root css-ulojab"
        >
          32
        </span>
        <span
          class="MuiBox-root css-1ger27q"
        >
          %
        </span>
      </span>
    </div>
    <div
      class="MuiBox-root css-1bgwe5m"
      data-testid="metric-card"
      data-tone="error"
    >
      <span
        class="MuiBox-root css-50auzi"
      >
        MTTR
      </span>
      <span
        class="MuiBox-root css-xngvfy"
      >
        <span
          class="MuiBox-root css-ulojab"
        >
          180
        </span>
        <span
          class="MuiBox-root css-1ger27q"
        >
          h
        </span>
      </span>
    </div>
  </div>
</div>
`;
