// Vitest Snapshot v1, https://vitest.dev/guide/snapshot.html

exports[`SLAGrid > matches snapshot in light mode 1`] = `
<div>
  <div
    class="MuiBox-root css-4sycxe"
    data-testid="sla-grid"
  >
    <div
      class="MuiBox-root css-h300a0"
      data-breached="true"
      data-testid="sla-badge"
    >
      <div
        class="MuiBox-root css-184jxi0"
        data-testid="status-dot"
        data-tone="error"
        role="presentation"
      />
      <span
        class="MuiBox-root css-1typ001"
        data-testid="tag"
        data-tone="error"
      >
        Code Review &lt; 24h
      </span>
      <span
        class="MuiBox-root css-118cp55"
      >
        50h / 24h
      </span>
    </div>
    <div
      class="MuiBox-root css-h300a0"
      data-breached="false"
      data-testid="sla-badge"
    >
      <div
        class="MuiBox-root css-qe7ld9"
        data-testid="status-dot"
        data-tone="success"
        role="presentation"
      />
      <span
        class="MuiBox-root css-1d6hp94"
        data-testid="tag"
        data-tone="success"
      >
        QA &lt; 48h
      </span>
    </div>
  </div>
</div>
`;
