// Vitest Snapshot v1, https://vitest.dev/guide/snapshot.html

exports[`TokenEconomicsPanel > matches snapshot in light mode 1`] = `
<div>
  <div
    class="MuiBox-root css-1hdbc19"
    data-testid="token-economics-panel"
  >
    <div
      class="MuiBox-root css-10p5pti"
    >
      <div
        class="MuiBox-root css-1oqsuhh"
        data-testid="metric-card"
        data-tone="primary"
      >
        <span
          class="MuiBox-root css-118cp55"
        >
          TOTAL SPEND
        </span>
        <span
          class="MuiBox-root css-p0vs3k"
        >
          <span
            class="MuiBox-root css-ulojab"
          >
            $1,234
          </span>
        </span>
      </div>
      <div
        class="MuiBox-root css-1jue8hw"
        data-testid="metric-card"
        data-tone="success"
      >
        <span
          class="MuiBox-root css-118cp55"
        >
          CACHE HIT
        </span>
        <span
          class="MuiBox-root css-p0vs3k"
        >
          <span
            class="MuiBox-root css-ulojab"
          >
            65
          </span>
          <span
            class="MuiBox-root css-j57cnw"
          >
            %
          </span>
        </span>
      </div>
    </div>
    <div
      class="MuiBox-root css-0"
    >
      <div
        aria-valuemax="1"
        aria-valuemin="0"
        aria-valuenow="0.65"
        class="MuiBox-root css-11vuetf"
        data-filled="20"
        data-segments="30"
        data-testid="segmented-bar"
        role="progressbar"
      >
        <div
          class="MuiBox-root css-1y9lb8o"
          data-filled="true"
        />
        <div
          class="MuiBox-root css-1y9lb8o"
          data-filled="true"
        />
        <div
          class="MuiBox-root css-1y9lb8o"
          data-filled="true"
        />
        <div
          class="MuiBox-root css-1y9lb8o"
          data-filled="true"
        />
        <div
          class="MuiBox-root css-1y9lb8o"
          data-filled="true"
        />
        <div
          class="MuiBox-root css-1y9lb8o"
          data-filled="true"
        />
        <div
          class="MuiBox-root css-1y9lb8o"
          data-filled="true"
        />
        <div
          class="MuiBox-root css-1y9lb8o"
          data-filled="true"
        />
        <div
          class="MuiBox-root css-1y9lb8o"
          data-filled="true"
        />
        <div
          class="MuiBox-root css-1y9lb8o"
          data-filled="true"
        />
        <div
          class="MuiBox-root css-1y9lb8o"
          data-filled="true"
        />
        <div
          class="MuiBox-root css-1y9lb8o"
          data-filled="true"
        />
        <div
          class="MuiBox-root css-1y9lb8o"
          data-filled="true"
        />
        <div
          class="MuiBox-root css-1y9lb8o"
          data-filled="true"
        />
        <div
          class="MuiBox-root css-1y9lb8o"
          data-filled="true"
        />
        <div
          class="MuiBox-root css-1y9lb8o"
          data-filled="true"
        />
        <div
          class="MuiBox-root css-1y9lb8o"
          data-filled="true"
        />
        <div
          class="MuiBox-root css-1y9lb8o"
          data-filled="true"
        />
        <div
          class="MuiBox-root css-1y9lb8o"
          data-filled="true"
        />
        <div
          class="MuiBox-root css-1y9lb8o"
          data-filled="true"
        />
        <div
          class="MuiBox-root css-j7xjho"
          data-filled="false"
        />
        <div
          class="MuiBox-root css-j7xjho"
          data-filled="false"
        />
        <div
          class="MuiBox-root css-j7xjho"
          data-filled="false"
        />
        <div
          class="MuiBox-root css-j7xjho"
          data-filled="false"
        />
        <div
          class="MuiBox-root css-j7xjho"
          data-filled="false"
        />
        <div
          class="MuiBox-root css-j7xjho"
          data-filled="false"
        />
        <div
          class="MuiBox-root css-j7xjho"
          data-filled="false"
        />
        <div
          class="MuiBox-root css-j7xjho"
          data-filled="false"
        />
        <div
          class="MuiBox-root css-j7xjho"
          data-filled="false"
        />
        <div
          class="MuiBox-root css-j7xjho"
          data-filled="false"
        />
      </div>
    </div>
  </div>
</div>
`;
