// Vitest Snapshot v1, https://vitest.dev/guide/snapshot.html

exports[`WipBoard > matches snapshot in light mode 1`] = `
<div>
  <div
    class="MuiBox-root css-yd8sa2"
    data-testid="wip-board"
  >
    <div
      class="MuiBox-root css-1qrwn5y"
      data-stage="Code Review"
      data-testid="bottleneck-callout"
    >
      <div
        class="MuiBox-root css-6wk6w7"
        data-testid="status-dot"
        data-tone="warn"
        role="presentation"
      />
      <span
        class="MuiBox-root css-l0pqj0"
      >
        BOTTLENECK
      </span>
      <span
        class="MuiBox-root css-97cxvk"
      >
        <span
          class="MuiBox-root css-401udl"
        >
          Code Review
        </span>
      </span>
    </div>
    <div
      class="MuiBox-root css-1e19o16"
      data-team="FPCRM"
    >
      <span
        class="MuiBox-root css-l0pqj0"
      >
        FPCRM
      </span>
      <div
        class="MuiBox-root css-h300a0"
        data-count="2"
        data-stage="In Progress"
        data-testid="wip-chip"
      >
        <div
          class="MuiBox-root css-qe7ld9"
          data-testid="status-dot"
          data-tone="success"
          role="presentation"
        />
        <span
          class="MuiBox-root css-1d6hp94"
          data-testid="tag"
          data-tone="success"
        >
          In Progress: 2
        </span>
      </div>
      <div
        class="MuiBox-root css-h300a0"
        data-count="3"
        data-stage="Code Review"
        data-testid="wip-chip"
      >
        <div
          class="MuiBox-root css-qe7ld9"
          data-testid="status-dot"
          data-tone="success"
          role="presentation"
        />
        <span
          class="MuiBox-root css-1d6hp94"
          data-testid="tag"
          data-tone="success"
        >
          Code Review: 3
        </span>
      </div>
    </div>
    <div
      class="MuiBox-root css-1e19o16"
      data-team="SEN"
    >
      <span
        class="MuiBox-root css-l0pqj0"
      >
        SEN
      </span>
      <div
        class="MuiBox-root css-h300a0"
        data-count="1"
        data-stage="QA Testing"
        data-testid="wip-chip"
      >
        <div
          class="MuiBox-root css-qe7ld9"
          data-testid="status-dot"
          data-tone="success"
          role="presentation"
        />
        <span
          class="MuiBox-root css-1d6hp94"
          data-testid="tag"
          data-tone="success"
        >
          QA Testing: 1
        </span>
      </div>
    </div>
  </div>
</div>
`;
