// Vitest Snapshot v1, https://vitest.dev/guide/snapshot.html

exports[`StatusDot > matches snapshot in dark mode 1`] = `
<div>
  <div
    class="MuiBox-root css-184jxi0"
    data-testid="status-dot"
    data-tone="error"
    role="presentation"
  />
</div>
`;

exports[`StatusDot > matches snapshot in light mode 1`] = `
<div>
  <div
    class="MuiBox-root css-184jxi0"
    data-testid="status-dot"
    data-tone="error"
    role="presentation"
  />
</div>
`;
