// Vitest Snapshot v1, https://vitest.dev/guide/snapshot.html

exports[`BottleneckCallout > matches snapshot in dark mode 1`] = `
<div>
  <div
    class="MuiBox-root css-1qrwn5y"
    data-stage="Code Review"
    data-testid="bottleneck-callout"
  >
    <div
      class="MuiBox-root css-18kh5xu"
      data-testid="status-dot"
      data-tone="warn"
      role="presentation"
    />
    <span
      class="MuiBox-root css-11yv44i"
    >
      BOTTLENECK
    </span>
    <span
      class="MuiBox-root css-140lrsl"
    >
      <span
        class="MuiBox-root css-401udl"
      >
        Code Review
      </span>
    </span>
    <span
      class="MuiBox-root css-50auzi"
    >
      2.7 WIP-days
    </span>
  </div>
</div>
`;
