// Vitest Snapshot v1, https://vitest.dev/guide/snapshot.html

exports[`MetricCard > matches snapshot in light mode 1`] = `
<div>
  <div
    class="MuiBox-root css-1oqsuhh"
    data-testid="metric-card"
    data-tone="primary"
  >
    <span
      class="MuiBox-root css-118cp55"
    >
      DEPLOYS / DAY
    </span>
    <span
      class="MuiBox-root css-p0vs3k"
    >
      <span
        class="MuiBox-root css-ulojab"
      >
        1.5
      </span>
      <span
        class="MuiBox-root css-j57cnw"
      >
        /d
      </span>
    </span>
  </div>
</div>
`;
