// Vitest Snapshot v1, https://vitest.dev/guide/snapshot.html

exports[`ROIRatio > renders the basis tag when supplied + matches snapshot 1`] = `
<div>
  <div
    class="MuiBox-root css-16u42po"
    data-ratio="5"
    data-testid="roi-ratio"
    data-tone="success"
  >
    <div
      class="MuiBox-root css-cdvrrf"
    >
      <span
        class="MuiBox-root css-p0vs3k"
      >
        <span
          class="MuiBox-root css-ulojab"
        >
          5
        </span>
        <span
          class="MuiBox-root css-j57cnw"
        >
          ×
        </span>
      </span>
    </div>
    <div
      class="MuiBox-root css-h300a0"
    >
      <span
        class="MuiBox-root css-118cp55"
      >
        VS HUMAN
      </span>
      <span
        class="MuiBox-root css-1d6hp94"
        data-testid="tag"
        data-tone="success"
      >
        DAYS
      </span>
    </div>
  </div>
</div>
`;
